Metric : average_completion
  Weather: 1.0
    Task 0 -> 0.975247733567
    Task 1 -> 0.892484010834
    Task 2 -> 0.991153413557
    Task 3 -> 0.0
    Task 4 -> 0.0
    Task 5 -> 0.0
    Task 6 -> 0.0
    Task 7 -> 0.0
    Task 8 -> 0.0
    Task 9 -> 0.0
    Task 10 -> 0.0
    Task 11 -> 0.0
    AvG  -> 0.23824042982978852
  Weather: 3.0
    Task 0 -> 0.0
    Task 1 -> 0.0
    Task 2 -> 0.0
    Task 3 -> 0.97566187669
    Task 4 -> 0.969680035467
    Task 5 -> 0.892516828847
    Task 6 -> 0.0
    Task 7 -> 0.0
    Task 8 -> 0.0
    Task 9 -> 0.0
    Task 10 -> 0.0
    Task 11 -> 0.0
    AvG  -> 0.23648822841699904
  Weather: 6.0
    Task 0 -> 0.0
    Task 1 -> 0.0
    Task 2 -> 0.0
    Task 3 -> 0.0
    Task 4 -> 0.0
    Task 5 -> 0.0
    Task 6 -> 0.974945933964
    Task 7 -> 0.728044649829
    Task 8 -> 0.77106202602
    Task 9 -> 0.0
    Task 10 -> 0.0
    Task 11 -> 0.0
    AvG  -> 0.2061710508177539
  Weather: 8.0
    Task 0 -> 0.0
    Task 1 -> 0.0
    Task 2 -> 0.0
    Task 3 -> 0.0
    Task 4 -> 0.0
    Task 5 -> 0.0
    Task 6 -> 0.0
    Task 7 -> 0.0
    Task 8 -> 0.0
    Task 9 -> 0.975007697675
    Task 10 -> 0.871334344834
    Task 11 -> 0.852867870227
    AvG  -> 0.2249341593947289
Metric : intersection_offroad
  Weather: 1.0
    Task 0 -> 0.0
    Task 1 -> 0.0
    Task 2 -> 0.0
    Task 3 -> 0.0
    Task 4 -> 0.0
    Task 5 -> 0.0
    Task 6 -> 0.0
    Task 7 -> 0.0
    Task 8 -> 0.0
    Task 9 -> 0.0
    Task 10 -> 0.0
    Task 11 -> 0.0
    AvG  -> 0.0
  Weather: 3.0
    Task 0 -> 0.0
    Task 1 -> 0.0
    Task 2 -> 0.0
    Task 3 -> 0.0
    Task 4 -> 0.0
    Task 5 -> 0.0
    Task 6 -> 0.0
    Task 7 -> 0.0
    Task 8 -> 0.0
    Task 9 -> 0.0
    Task 10 -> 0.0
    Task 11 -> 0.0
    AvG  -> 0.0
  Weather: 6.0
    Task 0 -> 0.0
    Task 1 -> 0.0
    Task 2 -> 0.0
    Task 3 -> 0.0
    Task 4 -> 0.0
    Task 5 -> 0.0
    Task 6 -> 0.0
    Task 7 -> 0.0
    Task 8 -> 0.0
    Task 9 -> 0.0
    Task 10 -> 0.0
    Task 11 -> 0.0
    AvG  -> 0.0
  Weather: 8.0
    Task 0 -> 0.0
    Task 1 -> 0.0
    Task 2 -> 0.0
    Task 3 -> 0.0
    Task 4 -> 0.0
    Task 5 -> 0.0
    Task 6 -> 0.0
    Task 7 -> 0.0
    Task 8 -> 0.0
    Task 9 -> 0.0
    Task 10 -> 0.0
    Task 11 -> 0.0
    AvG  -> 0.0
Metric : intersection_otherlane
  Weather: 1.0
    Task 0 -> 0.0
    Task 1 -> 0.0
    Task 2 -> 0.0
    Task 3 -> 0.0
    Task 4 -> 0.0
    Task 5 -> 0.0
    Task 6 -> 0.0
    Task 7 -> 0.0
    Task 8 -> 0.0
    Task 9 -> 0.0
    Task 10 -> 0.0
    Task 11 -> 0.0
    AvG  -> 0.0
  Weather: 3.0
    Task 0 -> 0.0
    Task 1 -> 0.0
    Task 2 -> 0.0
    Task 3 -> 0.0
    Task 4 -> 0.0
    Task 5 -> 0.0
    Task 6 -> 0.0
    Task 7 -> 0.0
    Task 8 -> 0.0
    Task 9 -> 0.0
    Task 10 -> 0.0
    Task 11 -> 0.0
    AvG  -> 0.0
  Weather: 6.0
    Task 0 -> 0.0
    Task 1 -> 0.0
    Task 2 -> 0.0
    Task 3 -> 0.0
    Task 4 -> 0.0
    Task 5 -> 0.0
    Task 6 -> 0.0
    Task 7 -> 0.0
    Task 8 -> 0.0
    Task 9 -> 0.0
    Task 10 -> 0.0
    Task 11 -> 0.0
    AvG  -> 0.0
  Weather: 8.0
    Task 0 -> 0.0
    Task 1 -> 0.0
    Task 2 -> 0.0
    Task 3 -> 0.0
    Task 4 -> 0.0
    Task 5 -> 0.0
    Task 6 -> 0.0
    Task 7 -> 0.0
    Task 8 -> 0.0
    Task 9 -> 0.0
    Task 10 -> 0.0
    Task 11 -> 0.0
    AvG  -> 0.0
Metric : collision_pedestrians
  Weather: 1.0
    Task 0 -> 0.0
    Task 1 -> 0.0
    Task 2 -> 0.0
    Task 3 -> 0.0
    Task 4 -> 0.0
    Task 5 -> 0.0
    Task 6 -> 0.0
    Task 7 -> 0.0
    Task 8 -> 0.0
    Task 9 -> 0.0
    Task 10 -> 0.0
    Task 11 -> 0.0
    AvG  -> 0.0
  Weather: 3.0
    Task 0 -> 0.0
    Task 1 -> 0.0
    Task 2 -> 0.0
    Task 3 -> 0.0
    Task 4 -> 0.0
    Task 5 -> 0.0
    Task 6 -> 0.0
    Task 7 -> 0.0
    Task 8 -> 0.0
    Task 9 -> 0.0
    Task 10 -> 0.0
    Task 11 -> 0.0
    AvG  -> 0.0
  Weather: 6.0
    Task 0 -> 0.0
    Task 1 -> 0.0
    Task 2 -> 0.0
    Task 3 -> 0.0
    Task 4 -> 0.0
    Task 5 -> 0.0
    Task 6 -> 0.0
    Task 7 -> 0.0
    Task 8 -> 0.0
    Task 9 -> 0.0
    Task 10 -> 0.0
    Task 11 -> 0.0
    AvG  -> 0.0
  Weather: 8.0
    Task 0 -> 0.0
    Task 1 -> 0.0
    Task 2 -> 0.0
    Task 3 -> 0.0
    Task 4 -> 0.0
    Task 5 -> 0.0
    Task 6 -> 0.0
    Task 7 -> 0.0
    Task 8 -> 0.0
    Task 9 -> 0.0
    Task 10 -> 0.0
    Task 11 -> 0.0
    AvG  -> 0.0
Metric : collision_vehicles
  Weather: 1.0
    Task 0 -> 0.0
    Task 1 -> 0.0
    Task 2 -> 0.0
    Task 3 -> 0.0
    Task 4 -> 0.0
    Task 5 -> 0.0
    Task 6 -> 0.0
    Task 7 -> 0.0
    Task 8 -> 0.0
    Task 9 -> 0.0
    Task 10 -> 0.0
    Task 11 -> 0.0
    AvG  -> 0.0
  Weather: 3.0
    Task 0 -> 0.0
    Task 1 -> 0.0
    Task 2 -> 0.0
    Task 3 -> 0.0
    Task 4 -> 0.0
    Task 5 -> 0.0
    Task 6 -> 0.0
    Task 7 -> 0.0
    Task 8 -> 0.0
    Task 9 -> 0.0
    Task 10 -> 0.0
    Task 11 -> 0.0
    AvG  -> 0.0
  Weather: 6.0
    Task 0 -> 0.0
    Task 1 -> 0.0
    Task 2 -> 0.0
    Task 3 -> 0.0
    Task 4 -> 0.0
    Task 5 -> 0.0
    Task 6 -> 0.0
    Task 7 -> 0.0
    Task 8 -> 0.0
    Task 9 -> 0.0
    Task 10 -> 0.0
    Task 11 -> 0.0
    AvG  -> 0.0
  Weather: 8.0
    Task 0 -> 0.0
    Task 1 -> 0.0
    Task 2 -> 0.0
    Task 3 -> 0.0
    Task 4 -> 0.0
    Task 5 -> 0.0
    Task 6 -> 0.0
    Task 7 -> 0.0
    Task 8 -> 0.0
    Task 9 -> 0.0
    Task 10 -> 0.0
    Task 11 -> 0.0
    AvG  -> 0.0
Metric : collision_other
  Weather: 1.0
    Task 0 -> 0.0
    Task 1 -> 0.0
    Task 2 -> 0.0
    Task 3 -> 0.0
    Task 4 -> 0.0
    Task 5 -> 0.0
    Task 6 -> 0.0
    Task 7 -> 0.0
    Task 8 -> 0.0
    Task 9 -> 0.0
    Task 10 -> 0.0
    Task 11 -> 0.0
    AvG  -> 0.0
  Weather: 3.0
    Task 0 -> 0.0
    Task 1 -> 0.0
    Task 2 -> 0.0
    Task 3 -> 0.0
    Task 4 -> 0.0
    Task 5 -> 0.0
    Task 6 -> 0.0
    Task 7 -> 0.0
    Task 8 -> 0.0
    Task 9 -> 0.0
    Task 10 -> 0.0
    Task 11 -> 0.0
    AvG  -> 0.0
  Weather: 6.0
    Task 0 -> 0.0
    Task 1 -> 0.0
    Task 2 -> 0.0
    Task 3 -> 0.0
    Task 4 -> 0.0
    Task 5 -> 0.0
    Task 6 -> 0.0
    Task 7 -> 0.0
    Task 8 -> 0.0
    Task 9 -> 0.0
    Task 10 -> 0.0
    Task 11 -> 0.0
    AvG  -> 0.0
  Weather: 8.0
    Task 0 -> 0.0
    Task 1 -> 0.0
    Task 2 -> 0.0
    Task 3 -> 0.0
    Task 4 -> 0.0
    Task 5 -> 0.0
    Task 6 -> 0.0
    Task 7 -> 0.0
    Task 8 -> 0.0
    Task 9 -> 0.0
    Task 10 -> 0.0
    Task 11 -> 0.0
    AvG  -> 0.0
Metric : average_fully_completed
  Weather: 1.0
    Task 0 -> 1.0
    Task 1 -> 0.9
    Task 2 -> 1.0
    Task 3 -> 0.0
    Task 4 -> 0.0
    Task 5 -> 0.0
    Task 6 -> 0.0
    Task 7 -> 0.0
    Task 8 -> 0.0
    Task 9 -> 0.0
    Task 10 -> 0.0
    Task 11 -> 0.0
    AvG  -> 0.24166666666666667
  Weather: 3.0
    Task 0 -> 0.0
    Task 1 -> 0.0
    Task 2 -> 0.0
    Task 3 -> 1.0
    Task 4 -> 1.0
    Task 5 -> 0.9
    Task 6 -> 0.0
    Task 7 -> 0.0
    Task 8 -> 0.0
    Task 9 -> 0.0
    Task 10 -> 0.0
    Task 11 -> 0.0
    AvG  -> 0.24166666666666667
  Weather: 6.0
    Task 0 -> 0.0
    Task 1 -> 0.0
    Task 2 -> 0.0
    Task 3 -> 0.0
    Task 4 -> 0.0
    Task 5 -> 0.0
    Task 6 -> 1.0
    Task 7 -> 0.8
    Task 8 -> 0.7
    Task 9 -> 0.0
    Task 10 -> 0.0
    Task 11 -> 0.0
    AvG  -> 0.20833333333333334
  Weather: 8.0
    Task 0 -> 0.0
    Task 1 -> 0.0
    Task 2 -> 0.0
    Task 3 -> 0.0
    Task 4 -> 0.0
    Task 5 -> 0.0
    Task 6 -> 0.0
    Task 7 -> 0.0
    Task 8 -> 0.0
    Task 9 -> 1.0
    Task 10 -> 0.9
    Task 11 -> 0.8
    AvG  -> 0.225
Metric : average_speed
  Weather: 1.0
    Task 0 -> 18.7912171897
    Task 1 -> 12.2361097103
    Task 2 -> 14.9712066846
    Task 3 -> 0.0
    Task 4 -> 0.0
    Task 5 -> 0.0
    Task 6 -> 0.0
    Task 7 -> 0.0
    Task 8 -> 0.0
    Task 9 -> 0.0
    Task 10 -> 0.0
    Task 11 -> 0.0
    AvG  -> 3.833211132051545
  Weather: 3.0
    Task 0 -> 0.0
    Task 1 -> 0.0
    Task 2 -> 0.0
    Task 3 -> 19.2690721808
    Task 4 -> 17.1835434936
    Task 5 -> 14.3129321335
    Task 6 -> 0.0
    Task 7 -> 0.0
    Task 8 -> 0.0
    Task 9 -> 0.0
    Task 10 -> 0.0
    Task 11 -> 0.0
    AvG  -> 4.230462317325435
  Weather: 6.0
    Task 0 -> 0.0
    Task 1 -> 0.0
    Task 2 -> 0.0
    Task 3 -> 0.0
    Task 4 -> 0.0
    Task 5 -> 0.0
    Task 6 -> 18.5480203745
    Task 7 -> 15.6208904632
    Task 8 -> 15.97523241
    Task 9 -> 0.0
    Task 10 -> 0.0
    Task 11 -> 0.0
    AvG  -> 4.178678603972965
  Weather: 8.0
    Task 0 -> 0.0
    Task 1 -> 0.0
    Task 2 -> 0.0
    Task 3 -> 0.0
    Task 4 -> 0.0
    Task 5 -> 0.0
    Task 6 -> 0.0
    Task 7 -> 0.0
    Task 8 -> 0.0
    Task 9 -> 19.2856063077
    Task 10 -> 12.9202155227
    Task 11 -> 16.5019936756
    AvG  -> 4.058984625493595
Metric : driven_kilometers
  Weather: 1.0
    Task 0 -> 1.131012043955345
    Task 1 -> 1.4111497458508462
    Task 2 -> 5.232407625596539
    Task 3 -> 0.0
    Task 4 -> 0.0
    Task 5 -> 0.0
    Task 6 -> 0.0
    Task 7 -> 0.0
    Task 8 -> 0.0
    Task 9 -> 0.0
    Task 10 -> 0.0
    Task 11 -> 0.0
    AvG  -> 0.6478807846168942
  Weather: 3.0
    Task 0 -> 0.0
    Task 1 -> 0.0
    Task 2 -> 0.0
    Task 3 -> 1.1285735000700303
    Task 4 -> 1.4848538593159228
    Task 5 -> 5.175845698759759
    Task 6 -> 0.0
    Task 7 -> 0.0
    Task 8 -> 0.0
    Task 9 -> 0.0
    Task 10 -> 0.0
    Task 11 -> 0.0
    AvG  -> 0.6491060881788093
  Weather: 6.0
    Task 0 -> 0.0
    Task 1 -> 0.0
    Task 2 -> 0.0
    Task 3 -> 0.0
    Task 4 -> 0.0
    Task 5 -> 0.0
    Task 6 -> 1.1277660088212742
    Task 7 -> 1.561182166846725
    Task 8 -> 6.627539943394475
    Task 9 -> 0.0
    Task 10 -> 0.0
    Task 11 -> 0.0
    AvG  -> 0.7763740099218728
  Weather: 8.0
    Task 0 -> 0.0
    Task 1 -> 0.0
    Task 2 -> 0.0
    Task 3 -> 0.0
    Task 4 -> 0.0
    Task 5 -> 0.0
    Task 6 -> 0.0
    Task 7 -> 0.0
    Task 8 -> 0.0
    Task 9 -> 1.1281061838535826
    Task 10 -> 1.3374842017427158
    Task 11 -> 5.990122858723495
    AvG  -> 0.7046427703599828
