Metric : average_completion
  Weather: 1.0
    Task 0 -> 0.970688270392
    Task 1 -> 0.9055055147
    Task 2 -> 0.991087095528
    Task 3 -> 0.0
    Task 4 -> 0.0
    Task 5 -> 0.0
    Task 6 -> 0.0
    Task 7 -> 0.0
    Task 8 -> 0.0
    Task 9 -> 0.0
    Task 10 -> 0.0
    Task 11 -> 0.0
    AvG  -> 0.23894007338491552
  Weather: 3.0
    Task 0 -> 0.0
    Task 1 -> 0.0
    Task 2 -> 0.0
    Task 3 -> 0.969372505522
    Task 4 -> 0.50147124457
    Task 5 -> 0.794045444545
    Task 6 -> 0.0
    Task 7 -> 0.0
    Task 8 -> 0.0
    Task 9 -> 0.0
    Task 10 -> 0.0
    Task 11 -> 0.0
    AvG  -> 0.18874076621977576
  Weather: 6.0
    Task 0 -> 0.0
    Task 1 -> 0.0
    Task 2 -> 0.0
    Task 3 -> 0.0
    Task 4 -> 0.0
    Task 5 -> 0.0
    Task 6 -> 0.970953073398
    Task 7 -> 0.70297852363
    Task 8 -> 0.587486863908
    Task 9 -> 0.0
    Task 10 -> 0.0
    Task 11 -> 0.0
    AvG  -> 0.18845153841127602
  Weather: 8.0
    Task 0 -> 0.0
    Task 1 -> 0.0
    Task 2 -> 0.0
    Task 3 -> 0.0
    Task 4 -> 0.0
    Task 5 -> 0.0
    Task 6 -> 0.0
    Task 7 -> 0.0
    Task 8 -> 0.0
    Task 9 -> 0.970658644006
    Task 10 -> 0.971315150363
    Task 11 -> 0.757206996586
    AvG  -> 0.22493173257958762
Metric : intersection_offroad
  Weather: 1.0
    Task 0 -> 0.0
    Task 1 -> 0.0
    Task 2 -> 0.0
    Task 3 -> 0.0
    Task 4 -> 0.0
    Task 5 -> 0.0
    Task 6 -> 0.0
    Task 7 -> 0.0
    Task 8 -> 0.0
    Task 9 -> 0.0
    Task 10 -> 0.0
    Task 11 -> 0.0
    AvG  -> 0.0
  Weather: 3.0
    Task 0 -> 0.0
    Task 1 -> 0.0
    Task 2 -> 0.0
    Task 3 -> 0.0
    Task 4 -> 0.0
    Task 5 -> 0.0
    Task 6 -> 0.0
    Task 7 -> 0.0
    Task 8 -> 0.0
    Task 9 -> 0.0
    Task 10 -> 0.0
    Task 11 -> 0.0
    AvG  -> 0.0
  Weather: 6.0
    Task 0 -> 0.0
    Task 1 -> 0.0
    Task 2 -> 0.0
    Task 3 -> 0.0
    Task 4 -> 0.0
    Task 5 -> 0.0
    Task 6 -> 0.0
    Task 7 -> 0.0
    Task 8 -> 0.0
    Task 9 -> 0.0
    Task 10 -> 0.0
    Task 11 -> 0.0
    AvG  -> 0.0
  Weather: 8.0
    Task 0 -> 0.0
    Task 1 -> 0.0
    Task 2 -> 0.0
    Task 3 -> 0.0
    Task 4 -> 0.0
    Task 5 -> 0.0
    Task 6 -> 0.0
    Task 7 -> 0.0
    Task 8 -> 0.0
    Task 9 -> 0.0
    Task 10 -> 0.0
    Task 11 -> 0.0
    AvG  -> 0.0
Metric : intersection_otherlane
  Weather: 1.0
    Task 0 -> 0.0
    Task 1 -> 0.0
    Task 2 -> 0.0
    Task 3 -> 0.0
    Task 4 -> 0.0
    Task 5 -> 0.0
    Task 6 -> 0.0
    Task 7 -> 0.0
    Task 8 -> 0.0
    Task 9 -> 0.0
    Task 10 -> 0.0
    Task 11 -> 0.0
    AvG  -> 0.0
  Weather: 3.0
    Task 0 -> 0.0
    Task 1 -> 0.0
    Task 2 -> 0.0
    Task 3 -> 0.0
    Task 4 -> 0.0
    Task 5 -> 0.0
    Task 6 -> 0.0
    Task 7 -> 0.0
    Task 8 -> 0.0
    Task 9 -> 0.0
    Task 10 -> 0.0
    Task 11 -> 0.0
    AvG  -> 0.0
  Weather: 6.0
    Task 0 -> 0.0
    Task 1 -> 0.0
    Task 2 -> 0.0
    Task 3 -> 0.0
    Task 4 -> 0.0
    Task 5 -> 0.0
    Task 6 -> 0.0
    Task 7 -> 0.0
    Task 8 -> 0.0
    Task 9 -> 0.0
    Task 10 -> 0.0
    Task 11 -> 0.0
    AvG  -> 0.0
  Weather: 8.0
    Task 0 -> 0.0
    Task 1 -> 0.0
    Task 2 -> 0.0
    Task 3 -> 0.0
    Task 4 -> 0.0
    Task 5 -> 0.0
    Task 6 -> 0.0
    Task 7 -> 0.0
    Task 8 -> 0.0
    Task 9 -> 0.0
    Task 10 -> 0.0
    Task 11 -> 0.0
    AvG  -> 0.0
Metric : collision_pedestrians
  Weather: 1.0
    Task 0 -> 0.0
    Task 1 -> 0.0
    Task 2 -> 0.0
    Task 3 -> 0.0
    Task 4 -> 0.0
    Task 5 -> 0.0
    Task 6 -> 0.0
    Task 7 -> 0.0
    Task 8 -> 0.0
    Task 9 -> 0.0
    Task 10 -> 0.0
    Task 11 -> 0.0
    AvG  -> 0.0
  Weather: 3.0
    Task 0 -> 0.0
    Task 1 -> 0.0
    Task 2 -> 0.0
    Task 3 -> 0.0
    Task 4 -> 0.0
    Task 5 -> 0.0
    Task 6 -> 0.0
    Task 7 -> 0.0
    Task 8 -> 0.0
    Task 9 -> 0.0
    Task 10 -> 0.0
    Task 11 -> 0.0
    AvG  -> 0.0
  Weather: 6.0
    Task 0 -> 0.0
    Task 1 -> 0.0
    Task 2 -> 0.0
    Task 3 -> 0.0
    Task 4 -> 0.0
    Task 5 -> 0.0
    Task 6 -> 0.0
    Task 7 -> 0.0
    Task 8 -> 0.0
    Task 9 -> 0.0
    Task 10 -> 0.0
    Task 11 -> 0.0
    AvG  -> 0.0
  Weather: 8.0
    Task 0 -> 0.0
    Task 1 -> 0.0
    Task 2 -> 0.0
    Task 3 -> 0.0
    Task 4 -> 0.0
    Task 5 -> 0.0
    Task 6 -> 0.0
    Task 7 -> 0.0
    Task 8 -> 0.0
    Task 9 -> 0.0
    Task 10 -> 0.0
    Task 11 -> 0.0
    AvG  -> 0.0
Metric : collision_vehicles
  Weather: 1.0
    Task 0 -> 0.0
    Task 1 -> 0.0
    Task 2 -> 0.0
    Task 3 -> 0.0
    Task 4 -> 0.0
    Task 5 -> 0.0
    Task 6 -> 0.0
    Task 7 -> 0.0
    Task 8 -> 0.0
    Task 9 -> 0.0
    Task 10 -> 0.0
    Task 11 -> 0.0
    AvG  -> 0.0
  Weather: 3.0
    Task 0 -> 0.0
    Task 1 -> 0.0
    Task 2 -> 0.0
    Task 3 -> 0.0
    Task 4 -> 0.0
    Task 5 -> 0.0
    Task 6 -> 0.0
    Task 7 -> 0.0
    Task 8 -> 0.0
    Task 9 -> 0.0
    Task 10 -> 0.0
    Task 11 -> 0.0
    AvG  -> 0.0
  Weather: 6.0
    Task 0 -> 0.0
    Task 1 -> 0.0
    Task 2 -> 0.0
    Task 3 -> 0.0
    Task 4 -> 0.0
    Task 5 -> 0.0
    Task 6 -> 0.0
    Task 7 -> 0.0
    Task 8 -> 0.0
    Task 9 -> 0.0
    Task 10 -> 0.0
    Task 11 -> 0.0
    AvG  -> 0.0
  Weather: 8.0
    Task 0 -> 0.0
    Task 1 -> 0.0
    Task 2 -> 0.0
    Task 3 -> 0.0
    Task 4 -> 0.0
    Task 5 -> 0.0
    Task 6 -> 0.0
    Task 7 -> 0.0
    Task 8 -> 0.0
    Task 9 -> 0.0
    Task 10 -> 0.0
    Task 11 -> 0.0
    AvG  -> 0.0
Metric : collision_other
  Weather: 1.0
    Task 0 -> 0.0
    Task 1 -> 0.0
    Task 2 -> 0.0
    Task 3 -> 0.0
    Task 4 -> 0.0
    Task 5 -> 0.0
    Task 6 -> 0.0
    Task 7 -> 0.0
    Task 8 -> 0.0
    Task 9 -> 0.0
    Task 10 -> 0.0
    Task 11 -> 0.0
    AvG  -> 0.0
  Weather: 3.0
    Task 0 -> 0.0
    Task 1 -> 0.0
    Task 2 -> 0.0
    Task 3 -> 0.0
    Task 4 -> 0.0
    Task 5 -> 0.0
    Task 6 -> 0.0
    Task 7 -> 0.0
    Task 8 -> 0.0
    Task 9 -> 0.0
    Task 10 -> 0.0
    Task 11 -> 0.0
    AvG  -> 0.0
  Weather: 6.0
    Task 0 -> 0.0
    Task 1 -> 0.0
    Task 2 -> 0.0
    Task 3 -> 0.0
    Task 4 -> 0.0
    Task 5 -> 0.0
    Task 6 -> 0.0
    Task 7 -> 0.0
    Task 8 -> 0.0
    Task 9 -> 0.0
    Task 10 -> 0.0
    Task 11 -> 0.0
    AvG  -> 0.0
  Weather: 8.0
    Task 0 -> 0.0
    Task 1 -> 0.0
    Task 2 -> 0.0
    Task 3 -> 0.0
    Task 4 -> 0.0
    Task 5 -> 0.0
    Task 6 -> 0.0
    Task 7 -> 0.0
    Task 8 -> 0.0
    Task 9 -> 0.0
    Task 10 -> 0.0
    Task 11 -> 0.0
    AvG  -> 0.0
Metric : average_fully_completed
  Weather: 1.0
    Task 0 -> 1.0
    Task 1 -> 0.8
    Task 2 -> 1.0
    Task 3 -> 0.0
    Task 4 -> 0.0
    Task 5 -> 0.0
    Task 6 -> 0.0
    Task 7 -> 0.0
    Task 8 -> 0.0
    Task 9 -> 0.0
    Task 10 -> 0.0
    Task 11 -> 0.0
    AvG  -> 0.2333333333333333
  Weather: 3.0
    Task 0 -> 0.0
    Task 1 -> 0.0
    Task 2 -> 0.0
    Task 3 -> 1.0
    Task 4 -> 0.8
    Task 5 -> 0.6
    Task 6 -> 0.0
    Task 7 -> 0.0
    Task 8 -> 0.0
    Task 9 -> 0.0
    Task 10 -> 0.0
    Task 11 -> 0.0
    AvG  -> 0.19999999999999998
  Weather: 6.0
    Task 0 -> 0.0
    Task 1 -> 0.0
    Task 2 -> 0.0
    Task 3 -> 0.0
    Task 4 -> 0.0
    Task 5 -> 0.0
    Task 6 -> 1.0
    Task 7 -> 0.8
    Task 8 -> 0.6
    Task 9 -> 0.0
    Task 10 -> 0.0
    Task 11 -> 0.0
    AvG  -> 0.19999999999999998
  Weather: 8.0
    Task 0 -> 0.0
    Task 1 -> 0.0
    Task 2 -> 0.0
    Task 3 -> 0.0
    Task 4 -> 0.0
    Task 5 -> 0.0
    Task 6 -> 0.0
    Task 7 -> 0.0
    Task 8 -> 0.0
    Task 9 -> 1.0
    Task 10 -> 1.0
    Task 11 -> 0.4
    AvG  -> 0.19999999999999998
Metric : average_speed
  Weather: 1.0
    Task 0 -> 18.9671719406
    Task 1 -> 12.8155840343
    Task 2 -> 18.0211070637
    Task 3 -> 0.0
    Task 4 -> 0.0
    Task 5 -> 0.0
    Task 6 -> 0.0
    Task 7 -> 0.0
    Task 8 -> 0.0
    Task 9 -> 0.0
    Task 10 -> 0.0
    Task 11 -> 0.0
    AvG  -> 4.150321919883306
  Weather: 3.0
    Task 0 -> 0.0
    Task 1 -> 0.0
    Task 2 -> 0.0
    Task 3 -> 18.451320807
    Task 4 -> 17.764383336
    Task 5 -> 13.9123306943
    Task 6 -> 0.0
    Task 7 -> 0.0
    Task 8 -> 0.0
    Task 9 -> 0.0
    Task 10 -> 0.0
    Task 11 -> 0.0
    AvG  -> 4.17733623643812
  Weather: 6.0
    Task 0 -> 0.0
    Task 1 -> 0.0
    Task 2 -> 0.0
    Task 3 -> 0.0
    Task 4 -> 0.0
    Task 5 -> 0.0
    Task 6 -> 18.3794184321
    Task 7 -> 14.967089059
    Task 8 -> 14.7748774296
    Task 9 -> 0.0
    Task 10 -> 0.0
    Task 11 -> 0.0
    AvG  -> 4.010115410056787
  Weather: 8.0
    Task 0 -> 0.0
    Task 1 -> 0.0
    Task 2 -> 0.0
    Task 3 -> 0.0
    Task 4 -> 0.0
    Task 5 -> 0.0
    Task 6 -> 0.0
    Task 7 -> 0.0
    Task 8 -> 0.0
    Task 9 -> 18.9031847122
    Task 10 -> 17.0714591915
    Task 11 -> 11.2075007121
    AvG  -> 3.9318453846498667
Metric : driven_kilometers
  Weather: 1.0
    Task 0 -> 0.30252112379383306
    Task 1 -> 0.41584576656080185
    Task 2 -> 3.6447138391333147
    Task 3 -> 0.0
    Task 4 -> 0.0
    Task 5 -> 0.0
    Task 6 -> 0.0
    Task 7 -> 0.0
    Task 8 -> 0.0
    Task 9 -> 0.0
    Task 10 -> 0.0
    Task 11 -> 0.0
    AvG  -> 0.3635900607906624
  Weather: 3.0
    Task 0 -> 0.0
    Task 1 -> 0.0
    Task 2 -> 0.0
    Task 3 -> 0.30219163188320536
    Task 4 -> 0.5529588684713692
    Task 5 -> 3.536390024413078
    Task 6 -> 0.0
    Task 7 -> 0.0
    Task 8 -> 0.0
    Task 9 -> 0.0
    Task 10 -> 0.0
    Task 11 -> 0.0
    AvG  -> 0.36596171039730435
  Weather: 6.0
    Task 0 -> 0.0
    Task 1 -> 0.0
    Task 2 -> 0.0
    Task 3 -> 0.0
    Task 4 -> 0.0
    Task 5 -> 0.0
    Task 6 -> 0.30238227635944637
    Task 7 -> 0.466722064147657
    Task 8 -> 4.052451739734313
    Task 9 -> 0.0
    Task 10 -> 0.0
    Task 11 -> 0.0
    AvG  -> 0.40179634002011805
  Weather: 8.0
    Task 0 -> 0.0
    Task 1 -> 0.0
    Task 2 -> 0.0
    Task 3 -> 0.0
    Task 4 -> 0.0
    Task 5 -> 0.0
    Task 6 -> 0.0
    Task 7 -> 0.0
    Task 8 -> 0.0
    Task 9 -> 0.30220416381658927
    Task 10 -> 0.4111281580509675
    Task 11 -> 3.50298404536175
    AvG  -> 0.3513596972691089
