Metric : average_completion
  Weather: 1.0
    Task 0 -> 0.872725647149
    Task 1 -> 0.94494118311
    Task 2 -> 0.568827529008
    Task 3 -> 0.0
    Task 4 -> 0.0
    Task 5 -> 0.0
    Task 6 -> 0.0
    Task 7 -> 0.0
    Task 8 -> 0.0
    Task 9 -> 0.0
    Task 10 -> 0.0
    Task 11 -> 0.0
    AvG  -> 0.19887452993888818
  Weather: 3.0
    Task 0 -> 0.0
    Task 1 -> 0.0
    Task 2 -> 0.0
    Task 3 -> 0.763401405817
    Task 4 -> 0.781032945564
    Task 5 -> -0.112248917591
    Task 6 -> 0.0
    Task 7 -> 0.0
    Task 8 -> 0.0
    Task 9 -> 0.0
    Task 10 -> 0.0
    Task 11 -> 0.0
    AvG  -> 0.11934878614921467
  Weather: 6.0
    Task 0 -> 0.0
    Task 1 -> 0.0
    Task 2 -> 0.0
    Task 3 -> 0.0
    Task 4 -> 0.0
    Task 5 -> 0.0
    Task 6 -> 0.94776187025
    Task 7 -> 0.818400606516
    Task 8 -> -0.0419731857796
    Task 9 -> 0.0
    Task 10 -> 0.0
    Task 11 -> 0.0
    AvG  -> 0.14368244091556492
  Weather: 8.0
    Task 0 -> 0.0
    Task 1 -> 0.0
    Task 2 -> 0.0
    Task 3 -> 0.0
    Task 4 -> 0.0
    Task 5 -> 0.0
    Task 6 -> 0.0
    Task 7 -> 0.0
    Task 8 -> 0.0
    Task 9 -> 0.846405385364
    Task 10 -> 0.737378873804
    Task 11 -> 0.883306432282
    AvG  -> 0.20559089095413777
Metric : intersection_offroad
  Weather: 1.0
    Task 0 -> 0.0
    Task 1 -> 0.0
    Task 2 -> 0.0
    Task 3 -> 0.0
    Task 4 -> 0.0
    Task 5 -> 0.0
    Task 6 -> 0.0
    Task 7 -> 0.0
    Task 8 -> 0.0
    Task 9 -> 0.0
    Task 10 -> 0.0
    Task 11 -> 0.0
    AvG  -> 0.0
  Weather: 3.0
    Task 0 -> 0.0
    Task 1 -> 0.0
    Task 2 -> 0.0
    Task 3 -> 0.0
    Task 4 -> 0.0
    Task 5 -> 0.0
    Task 6 -> 0.0
    Task 7 -> 0.0
    Task 8 -> 0.0
    Task 9 -> 0.0
    Task 10 -> 0.0
    Task 11 -> 0.0
    AvG  -> 0.0
  Weather: 6.0
    Task 0 -> 0.0
    Task 1 -> 0.0
    Task 2 -> 0.0
    Task 3 -> 0.0
    Task 4 -> 0.0
    Task 5 -> 0.0
    Task 6 -> 0.0
    Task 7 -> 0.0
    Task 8 -> 0.0
    Task 9 -> 0.0
    Task 10 -> 0.0
    Task 11 -> 0.0
    AvG  -> 0.0
  Weather: 8.0
    Task 0 -> 0.0
    Task 1 -> 0.0
    Task 2 -> 0.0
    Task 3 -> 0.0
    Task 4 -> 0.0
    Task 5 -> 0.0
    Task 6 -> 0.0
    Task 7 -> 0.0
    Task 8 -> 0.0
    Task 9 -> 0.0
    Task 10 -> 0.0
    Task 11 -> 0.0
    AvG  -> 0.0
Metric : intersection_otherlane
  Weather: 1.0
    Task 0 -> 0.0
    Task 1 -> 0.0
    Task 2 -> 0.0
    Task 3 -> 0.0
    Task 4 -> 0.0
    Task 5 -> 0.0
    Task 6 -> 0.0
    Task 7 -> 0.0
    Task 8 -> 0.0
    Task 9 -> 0.0
    Task 10 -> 0.0
    Task 11 -> 0.0
    AvG  -> 0.0
  Weather: 3.0
    Task 0 -> 0.0
    Task 1 -> 0.0
    Task 2 -> 0.0
    Task 3 -> 0.0
    Task 4 -> 0.0
    Task 5 -> 0.0
    Task 6 -> 0.0
    Task 7 -> 0.0
    Task 8 -> 0.0
    Task 9 -> 0.0
    Task 10 -> 0.0
    Task 11 -> 0.0
    AvG  -> 0.0
  Weather: 6.0
    Task 0 -> 0.0
    Task 1 -> 0.0
    Task 2 -> 0.0
    Task 3 -> 0.0
    Task 4 -> 0.0
    Task 5 -> 0.0
    Task 6 -> 0.0
    Task 7 -> 0.0
    Task 8 -> 0.0
    Task 9 -> 0.0
    Task 10 -> 0.0
    Task 11 -> 0.0
    AvG  -> 0.0
  Weather: 8.0
    Task 0 -> 0.0
    Task 1 -> 0.0
    Task 2 -> 0.0
    Task 3 -> 0.0
    Task 4 -> 0.0
    Task 5 -> 0.0
    Task 6 -> 0.0
    Task 7 -> 0.0
    Task 8 -> 0.0
    Task 9 -> 0.0
    Task 10 -> 0.0
    Task 11 -> 0.0
    AvG  -> 0.0
Metric : collision_pedestrians
  Weather: 1.0
    Task 0 -> 0.0
    Task 1 -> 0.0
    Task 2 -> 0.0
    Task 3 -> 0.0
    Task 4 -> 0.0
    Task 5 -> 0.0
    Task 6 -> 0.0
    Task 7 -> 0.0
    Task 8 -> 0.0
    Task 9 -> 0.0
    Task 10 -> 0.0
    Task 11 -> 0.0
    AvG  -> 0.0
  Weather: 3.0
    Task 0 -> 0.0
    Task 1 -> 0.0
    Task 2 -> 0.0
    Task 3 -> 0.0
    Task 4 -> 0.0
    Task 5 -> 0.0
    Task 6 -> 0.0
    Task 7 -> 0.0
    Task 8 -> 0.0
    Task 9 -> 0.0
    Task 10 -> 0.0
    Task 11 -> 0.0
    AvG  -> 0.0
  Weather: 6.0
    Task 0 -> 0.0
    Task 1 -> 0.0
    Task 2 -> 0.0
    Task 3 -> 0.0
    Task 4 -> 0.0
    Task 5 -> 0.0
    Task 6 -> 0.0
    Task 7 -> 0.0
    Task 8 -> 0.0
    Task 9 -> 0.0
    Task 10 -> 0.0
    Task 11 -> 0.0
    AvG  -> 0.0
  Weather: 8.0
    Task 0 -> 0.0
    Task 1 -> 0.0
    Task 2 -> 0.0
    Task 3 -> 0.0
    Task 4 -> 0.0
    Task 5 -> 0.0
    Task 6 -> 0.0
    Task 7 -> 0.0
    Task 8 -> 0.0
    Task 9 -> 0.0
    Task 10 -> 0.0
    Task 11 -> 0.0
    AvG  -> 0.0
Metric : collision_vehicles
  Weather: 1.0
    Task 0 -> 0.0
    Task 1 -> 0.0
    Task 2 -> 0.0
    Task 3 -> 0.0
    Task 4 -> 0.0
    Task 5 -> 0.0
    Task 6 -> 0.0
    Task 7 -> 0.0
    Task 8 -> 0.0
    Task 9 -> 0.0
    Task 10 -> 0.0
    Task 11 -> 0.0
    AvG  -> 0.0
  Weather: 3.0
    Task 0 -> 0.0
    Task 1 -> 0.0
    Task 2 -> 0.0
    Task 3 -> 4.517501434709339
    Task 4 -> 0.0
    Task 5 -> 0.0
    Task 6 -> 0.0
    Task 7 -> 0.0
    Task 8 -> 0.0
    Task 9 -> 0.0
    Task 10 -> 0.0
    Task 11 -> 0.0
    AvG  -> 0.3764584528924449
  Weather: 6.0
    Task 0 -> 0.0
    Task 1 -> 0.0
    Task 2 -> 0.0
    Task 3 -> 0.0
    Task 4 -> 0.0
    Task 5 -> 0.0
    Task 6 -> 0.0
    Task 7 -> 0.0
    Task 8 -> 0.0
    Task 9 -> 0.0
    Task 10 -> 0.0
    Task 11 -> 0.0
    AvG  -> 0.0
  Weather: 8.0
    Task 0 -> 0.0
    Task 1 -> 0.0
    Task 2 -> 0.0
    Task 3 -> 0.0
    Task 4 -> 0.0
    Task 5 -> 0.0
    Task 6 -> 0.0
    Task 7 -> 0.0
    Task 8 -> 0.0
    Task 9 -> 0.0
    Task 10 -> 0.0
    Task 11 -> 0.0
    AvG  -> 0.0
Metric : collision_other
  Weather: 1.0
    Task 0 -> 0.0
    Task 1 -> 0.0
    Task 2 -> 0.0
    Task 3 -> 0.0
    Task 4 -> 0.0
    Task 5 -> 0.0
    Task 6 -> 0.0
    Task 7 -> 0.0
    Task 8 -> 0.0
    Task 9 -> 0.0
    Task 10 -> 0.0
    Task 11 -> 0.0
    AvG  -> 0.0
  Weather: 3.0
    Task 0 -> 0.0
    Task 1 -> 0.0
    Task 2 -> 0.0
    Task 3 -> 0.0
    Task 4 -> 0.0
    Task 5 -> 0.0
    Task 6 -> 0.0
    Task 7 -> 0.0
    Task 8 -> 0.0
    Task 9 -> 0.0
    Task 10 -> 0.0
    Task 11 -> 0.0
    AvG  -> 0.0
  Weather: 6.0
    Task 0 -> 0.0
    Task 1 -> 0.0
    Task 2 -> 0.0
    Task 3 -> 0.0
    Task 4 -> 0.0
    Task 5 -> 0.0
    Task 6 -> 0.0
    Task 7 -> 0.0
    Task 8 -> 0.0
    Task 9 -> 0.0
    Task 10 -> 0.0
    Task 11 -> 0.0
    AvG  -> 0.0
  Weather: 8.0
    Task 0 -> 0.0
    Task 1 -> 0.0
    Task 2 -> 0.0
    Task 3 -> 0.0
    Task 4 -> 0.0
    Task 5 -> 0.0
    Task 6 -> 0.0
    Task 7 -> 0.0
    Task 8 -> 0.0
    Task 9 -> 0.0
    Task 10 -> 0.0
    Task 11 -> 0.0
    AvG  -> 0.0
Metric : average_fully_completed
  Weather: 1.0
    Task 0 -> 0.9
    Task 1 -> 0.9
    Task 2 -> 0.6
    Task 3 -> 0.0
    Task 4 -> 0.0
    Task 5 -> 0.0
    Task 6 -> 0.0
    Task 7 -> 0.0
    Task 8 -> 0.0
    Task 9 -> 0.0
    Task 10 -> 0.0
    Task 11 -> 0.0
    AvG  -> 0.19999999999999998
  Weather: 3.0
    Task 0 -> 0.0
    Task 1 -> 0.0
    Task 2 -> 0.0
    Task 3 -> 0.8
    Task 4 -> 0.7
    Task 5 -> 0.3
    Task 6 -> 0.0
    Task 7 -> 0.0
    Task 8 -> 0.0
    Task 9 -> 0.0
    Task 10 -> 0.0
    Task 11 -> 0.0
    AvG  -> 0.15
  Weather: 6.0
    Task 0 -> 0.0
    Task 1 -> 0.0
    Task 2 -> 0.0
    Task 3 -> 0.0
    Task 4 -> 0.0
    Task 5 -> 0.0
    Task 6 -> 1.0
    Task 7 -> 0.8
    Task 8 -> 0.4
    Task 9 -> 0.0
    Task 10 -> 0.0
    Task 11 -> 0.0
    AvG  -> 0.18333333333333335
  Weather: 8.0
    Task 0 -> 0.0
    Task 1 -> 0.0
    Task 2 -> 0.0
    Task 3 -> 0.0
    Task 4 -> 0.0
    Task 5 -> 0.0
    Task 6 -> 0.0
    Task 7 -> 0.0
    Task 8 -> 0.0
    Task 9 -> 0.9
    Task 10 -> 0.7
    Task 11 -> 0.8
    AvG  -> 0.20000000000000004
Metric : average_speed
  Weather: 1.0
    Task 0 -> 12.1706361009
    Task 1 -> 12.9560546922
    Task 2 -> 9.44185517946
    Task 3 -> 0.0
    Task 4 -> 0.0
    Task 5 -> 0.0
    Task 6 -> 0.0
    Task 7 -> 0.0
    Task 8 -> 0.0
    Task 9 -> 0.0
    Task 10 -> 0.0
    Task 11 -> 0.0
    AvG  -> 2.880712164374659
  Weather: 3.0
    Task 0 -> 0.0
    Task 1 -> 0.0
    Task 2 -> 0.0
    Task 3 -> 8.62145254093
    Task 4 -> 10.3826412407
    Task 5 -> 5.29718111601
    Task 6 -> 0.0
    Task 7 -> 0.0
    Task 8 -> 0.0
    Task 9 -> 0.0
    Task 10 -> 0.0
    Task 11 -> 0.0
    AvG  -> 2.0251062414722143
  Weather: 6.0
    Task 0 -> 0.0
    Task 1 -> 0.0
    Task 2 -> 0.0
    Task 3 -> 0.0
    Task 4 -> 0.0
    Task 5 -> 0.0
    Task 6 -> 15.2497389194
    Task 7 -> 11.1336293511
    Task 8 -> 6.91094032589
    Task 9 -> 0.0
    Task 10 -> 0.0
    Task 11 -> 0.0
    AvG  -> 2.7745257163594985
  Weather: 8.0
    Task 0 -> 0.0
    Task 1 -> 0.0
    Task 2 -> 0.0
    Task 3 -> 0.0
    Task 4 -> 0.0
    Task 5 -> 0.0
    Task 6 -> 0.0
    Task 7 -> 0.0
    Task 8 -> 0.0
    Task 9 -> 12.0900973632
    Task 10 -> 7.74847901682
    Task 11 -> 11.9681061678
    AvG  -> 2.650556878985967
Metric : driven_kilometers
  Weather: 1.0
    Task 0 -> 0.5188227224911718
    Task 1 -> 1.0145353791619143
    Task 2 -> 3.0799205703989787
    Task 3 -> 0.0
    Task 4 -> 0.0
    Task 5 -> 0.0
    Task 6 -> 0.0
    Task 7 -> 0.0
    Task 8 -> 0.0
    Task 9 -> 0.0
    Task 10 -> 0.0
    Task 11 -> 0.0
    AvG  -> 0.3844398893376721
  Weather: 3.0
    Task 0 -> 0.0
    Task 1 -> 0.0
    Task 2 -> 0.0
    Task 3 -> 0.442722604277088
    Task 4 -> 0.8538580329965292
    Task 5 -> 2.1006987008575333
    Task 6 -> 0.0
    Task 7 -> 0.0
    Task 8 -> 0.0
    Task 9 -> 0.0
    Task 10 -> 0.0
    Task 11 -> 0.0
    AvG  -> 0.2831066115109292
  Weather: 6.0
    Task 0 -> 0.0
    Task 1 -> 0.0
    Task 2 -> 0.0
    Task 3 -> 0.0
    Task 4 -> 0.0
    Task 5 -> 0.0
    Task 6 -> 0.5735892771815021
    Task 7 -> 0.8117287931223935
    Task 8 -> 2.630843709262915
    Task 9 -> 0.0
    Task 10 -> 0.0
    Task 11 -> 0.0
    AvG  -> 0.3346801482972342
  Weather: 8.0
    Task 0 -> 0.0
    Task 1 -> 0.0
    Task 2 -> 0.0
    Task 3 -> 0.0
    Task 4 -> 0.0
    Task 5 -> 0.0
    Task 6 -> 0.0
    Task 7 -> 0.0
    Task 8 -> 0.0
    Task 9 -> 0.4996387219922135
    Task 10 -> 0.6688237414102434
    Task 11 -> 3.719104284227195
    AvG  -> 0.40729722896913767
