Metric : average_completion
  Weather: 1.0
    Task 0 -> 0.585038630866
    Task 1 -> -0.2034776848
    Task 2 -> 0.0
    Task 3 -> 0.0
    Task 4 -> 0.0
    Task 5 -> 0.0
    Task 6 -> 0.0
    Task 7 -> 0.0
    AvG  -> 0.04769511825819267
  Weather: 3.0
    Task 0 -> 0.0
    Task 1 -> 0.0
    Task 2 -> 0.876411599265
    Task 3 -> -0.253936466098
    Task 4 -> 0.0
    Task 5 -> 0.0
    Task 6 -> 0.0
    Task 7 -> 0.0
    AvG  -> 0.07780939164593567
  Weather: 6.0
    Task 0 -> 0.0
    Task 1 -> 0.0
    Task 2 -> 0.0
    Task 3 -> 0.0
    Task 4 -> 0.628558362087
    Task 5 -> 0.125641877546
    Task 6 -> 0.0
    Task 7 -> 0.0
    AvG  -> 0.09427502995409848
  Weather: 8.0
    Task 0 -> 0.0
    Task 1 -> 0.0
    Task 2 -> 0.0
    Task 3 -> 0.0
    Task 4 -> 0.0
    Task 5 -> 0.0
    Task 6 -> 0.87426385899
    Task 7 -> 0.92387476929
    AvG  -> 0.22476732853488512
Metric : intersection_offroad
  Weather: 1.0
    Task 0 -> 0.0
    Task 1 -> 0.0
    Task 2 -> 0.0
    Task 3 -> 0.0
    Task 4 -> 0.0
    Task 5 -> 0.0
    Task 6 -> 0.0
    Task 7 -> 0.0
    AvG  -> 0.0
  Weather: 3.0
    Task 0 -> 0.0
    Task 1 -> 0.0
    Task 2 -> 0.0
    Task 3 -> 0.0
    Task 4 -> 0.0
    Task 5 -> 0.0
    Task 6 -> 0.0
    Task 7 -> 0.0
    AvG  -> 0.0
  Weather: 6.0
    Task 0 -> 0.0
    Task 1 -> 0.0
    Task 2 -> 0.0
    Task 3 -> 0.0
    Task 4 -> 0.0
    Task 5 -> 0.0
    Task 6 -> 0.0
    Task 7 -> 0.0
    AvG  -> 0.0
  Weather: 8.0
    Task 0 -> 0.0
    Task 1 -> 0.0
    Task 2 -> 0.0
    Task 3 -> 0.0
    Task 4 -> 0.0
    Task 5 -> 0.0
    Task 6 -> 0.0
    Task 7 -> 0.0
    AvG  -> 0.0
Metric : intersection_otherlane
  Weather: 1.0
    Task 0 -> 0.0
    Task 1 -> 0.0
    Task 2 -> 0.0
    Task 3 -> 0.0
    Task 4 -> 0.0
    Task 5 -> 0.0
    Task 6 -> 0.0
    Task 7 -> 0.0
    AvG  -> 0.0
  Weather: 3.0
    Task 0 -> 0.0
    Task 1 -> 0.0
    Task 2 -> 0.0
    Task 3 -> 1.5605348225443711
    Task 4 -> 0.0
    Task 5 -> 0.0
    Task 6 -> 0.0
    Task 7 -> 0.0
    AvG  -> 0.1950668528180464
  Weather: 6.0
    Task 0 -> 0.0
    Task 1 -> 0.0
    Task 2 -> 0.0
    Task 3 -> 0.0
    Task 4 -> 0.0
    Task 5 -> 0.0
    Task 6 -> 0.0
    Task 7 -> 0.0
    AvG  -> 0.0
  Weather: 8.0
    Task 0 -> 0.0
    Task 1 -> 0.0
    Task 2 -> 0.0
    Task 3 -> 0.0
    Task 4 -> 0.0
    Task 5 -> 0.0
    Task 6 -> 0.0
    Task 7 -> 0.0
    AvG  -> 0.0
Metric : collision_pedestrians
  Weather: 1.0
    Task 0 -> 0.0
    Task 1 -> 0.0
    Task 2 -> 0.0
    Task 3 -> 0.0
    Task 4 -> 0.0
    Task 5 -> 0.0
    Task 6 -> 0.0
    Task 7 -> 0.0
    AvG  -> 0.0
  Weather: 3.0
    Task 0 -> 0.0
    Task 1 -> 0.0
    Task 2 -> 0.0
    Task 3 -> 0.0
    Task 4 -> 0.0
    Task 5 -> 0.0
    Task 6 -> 0.0
    Task 7 -> 0.0
    AvG  -> 0.0
  Weather: 6.0
    Task 0 -> 0.0
    Task 1 -> 0.0
    Task 2 -> 0.0
    Task 3 -> 0.0
    Task 4 -> 0.0
    Task 5 -> 0.0
    Task 6 -> 0.0
    Task 7 -> 0.0
    AvG  -> 0.0
  Weather: 8.0
    Task 0 -> 0.0
    Task 1 -> 0.0
    Task 2 -> 0.0
    Task 3 -> 0.0
    Task 4 -> 0.0
    Task 5 -> 0.0
    Task 6 -> 0.0
    Task 7 -> 0.0
    AvG  -> 0.0
Metric : collision_vehicles
  Weather: 1.0
    Task 0 -> 0.0
    Task 1 -> 0.0
    Task 2 -> 0.0
    Task 3 -> 0.0
    Task 4 -> 0.0
    Task 5 -> 0.0
    Task 6 -> 0.0
    Task 7 -> 0.0
    AvG  -> 0.0
  Weather: 3.0
    Task 0 -> 0.0
    Task 1 -> 0.0
    Task 2 -> 0.0
    Task 3 -> 0.0
    Task 4 -> 0.0
    Task 5 -> 0.0
    Task 6 -> 0.0
    Task 7 -> 0.0
    AvG  -> 0.0
  Weather: 6.0
    Task 0 -> 0.0
    Task 1 -> 0.0
    Task 2 -> 0.0
    Task 3 -> 0.0
    Task 4 -> 0.0
    Task 5 -> 0.0
    Task 6 -> 0.0
    Task 7 -> 0.0
    AvG  -> 0.0
  Weather: 8.0
    Task 0 -> 0.0
    Task 1 -> 0.0
    Task 2 -> 0.0
    Task 3 -> 0.0
    Task 4 -> 0.0
    Task 5 -> 0.0
    Task 6 -> 0.0
    Task 7 -> 0.0
    AvG  -> 0.0
Metric : collision_other
  Weather: 1.0
    Task 0 -> 0.0
    Task 1 -> 0.0
    Task 2 -> 0.0
    Task 3 -> 0.0
    Task 4 -> 0.0
    Task 5 -> 0.0
    Task 6 -> 0.0
    Task 7 -> 0.0
    AvG  -> 0.0
  Weather: 3.0
    Task 0 -> 0.0
    Task 1 -> 0.0
    Task 2 -> 0.0
    Task 3 -> 4.161426193451656
    Task 4 -> 0.0
    Task 5 -> 0.0
    Task 6 -> 0.0
    Task 7 -> 0.0
    AvG  -> 0.520178274181457
  Weather: 6.0
    Task 0 -> 0.0
    Task 1 -> 0.0
    Task 2 -> 0.0
    Task 3 -> 0.0
    Task 4 -> 0.0
    Task 5 -> 0.0
    Task 6 -> 0.0
    Task 7 -> 0.0
    AvG  -> 0.0
  Weather: 8.0
    Task 0 -> 0.0
    Task 1 -> 0.0
    Task 2 -> 0.0
    Task 3 -> 0.0
    Task 4 -> 0.0
    Task 5 -> 0.0
    Task 6 -> 0.0
    Task 7 -> 0.0
    AvG  -> 0.0
Metric : average_fully_completed
  Weather: 1.0
    Task 0 -> 0.2
    Task 1 -> 0.1
    Task 2 -> 0.0
    Task 3 -> 0.0
    Task 4 -> 0.0
    Task 5 -> 0.0
    Task 6 -> 0.0
    Task 7 -> 0.0
    AvG  -> 0.037500000000000006
  Weather: 3.0
    Task 0 -> 0.0
    Task 1 -> 0.0
    Task 2 -> 0.8
    Task 3 -> 0.2
    Task 4 -> 0.0
    Task 5 -> 0.0
    Task 6 -> 0.0
    Task 7 -> 0.0
    AvG  -> 0.125
  Weather: 6.0
    Task 0 -> 0.0
    Task 1 -> 0.0
    Task 2 -> 0.0
    Task 3 -> 0.0
    Task 4 -> 0.6
    Task 5 -> 0.5
    Task 6 -> 0.0
    Task 7 -> 0.0
    AvG  -> 0.1375
  Weather: 8.0
    Task 0 -> 0.0
    Task 1 -> 0.0
    Task 2 -> 0.0
    Task 3 -> 0.0
    Task 4 -> 0.0
    Task 5 -> 0.0
    Task 6 -> 0.9
    Task 7 -> 0.9
    AvG  -> 0.225
Metric : average_speed
  Weather: 1.0
    Task 0 -> 7.86838588598
    Task 1 -> 3.9764110016
    Task 2 -> 0.0
    Task 3 -> 0.0
    Task 4 -> 0.0
    Task 5 -> 0.0
    Task 6 -> 0.0
    Task 7 -> 0.0
    AvG  -> 1.4805996109479238
  Weather: 3.0
    Task 0 -> 0.0
    Task 1 -> 0.0
    Task 2 -> 14.6207383607
    Task 3 -> 4.88030112038
    Task 4 -> 0.0
    Task 5 -> 0.0
    Task 6 -> 0.0
    Task 7 -> 0.0
    AvG  -> 2.437629935137038
  Weather: 6.0
    Task 0 -> 0.0
    Task 1 -> 0.0
    Task 2 -> 0.0
    Task 3 -> 0.0
    Task 4 -> 9.12601264108
    Task 5 -> 11.5380021358
    Task 6 -> 0.0
    Task 7 -> 0.0
    AvG  -> 2.5830018471081475
  Weather: 8.0
    Task 0 -> 0.0
    Task 1 -> 0.0
    Task 2 -> 0.0
    Task 3 -> 0.0
    Task 4 -> 0.0
    Task 5 -> 0.0
    Task 6 -> 13.0140049822
    Task 7 -> 17.0746197218
    AvG  -> 3.76107808800466
Metric : driven_kilometers
  Weather: 1.0
    Task 0 -> 0.967343732148333
    Task 1 -> 1.6599271468579868
    Task 2 -> 0.0
    Task 3 -> 0.0
    Task 4 -> 0.0
    Task 5 -> 0.0
    Task 6 -> 0.0
    Task 7 -> 0.0
    AvG  -> 0.32840885987579
  Weather: 3.0
    Task 0 -> 0.0
    Task 1 -> 0.0
    Task 2 -> 1.1323607530359705
    Task 3 -> 1.9224178510215206
    Task 4 -> 0.0
    Task 5 -> 0.0
    Task 6 -> 0.0
    Task 7 -> 0.0
    AvG  -> 0.38184732550718636
  Weather: 6.0
    Task 0 -> 0.0
    Task 1 -> 0.0
    Task 2 -> 0.0
    Task 3 -> 0.0
    Task 4 -> 0.7329171732146599
    Task 5 -> 3.962947978577668
    Task 6 -> 0.0
    Task 7 -> 0.0
    AvG  -> 0.5869831439740409
  Weather: 8.0
    Task 0 -> 0.0
    Task 1 -> 0.0
    Task 2 -> 0.0
    Task 3 -> 0.0
    Task 4 -> 0.0
    Task 5 -> 0.0
    Task 6 -> 0.8892599744399128
    Task 7 -> 4.045334081933264
    AvG  -> 0.6168242570466471
