Metric : average_completion
  Weather: 1.0
    Task 0 -> 0.721631966255
    Task 1 -> 0.464555683537
    Task 2 -> 0.0
    Task 3 -> 0.0
    Task 4 -> 0.0
    Task 5 -> 0.0
    Task 6 -> 0.0
    Task 7 -> 0.0
    AvG  -> 0.14827345622394714
  Weather: 3.0
    Task 0 -> 0.0
    Task 1 -> 0.0
    Task 2 -> 0.759141417717
    Task 3 -> 0.0742668378357
    Task 4 -> 0.0
    Task 5 -> 0.0
    Task 6 -> 0.0
    Task 7 -> 0.0
    AvG  -> 0.10417603194414408
  Weather: 6.0
    Task 0 -> 0.0
    Task 1 -> 0.0
    Task 2 -> 0.0
    Task 3 -> 0.0
    Task 4 -> 0.793720085756
    Task 5 -> -0.513449196664
    Task 6 -> 0.0
    Task 7 -> 0.0
    AvG  -> 0.035033861136481784
  Weather: 8.0
    Task 0 -> 0.0
    Task 1 -> 0.0
    Task 2 -> 0.0
    Task 3 -> 0.0
    Task 4 -> 0.0
    Task 5 -> 0.0
    Task 6 -> 0.71749650882
    Task 7 -> 0.92620671997
    AvG  -> 0.20546290359883237
Metric : intersection_offroad
  Weather: 1.0
    Task 0 -> 0.0
    Task 1 -> 0.0
    Task 2 -> 0.0
    Task 3 -> 0.0
    Task 4 -> 0.0
    Task 5 -> 0.0
    Task 6 -> 0.0
    Task 7 -> 0.0
    AvG  -> 0.0
  Weather: 3.0
    Task 0 -> 0.0
    Task 1 -> 0.0
    Task 2 -> 0.0
    Task 3 -> 2.089821248865338
    Task 4 -> 0.0
    Task 5 -> 0.0
    Task 6 -> 0.0
    Task 7 -> 0.0
    AvG  -> 0.2612276561081672
  Weather: 6.0
    Task 0 -> 0.0
    Task 1 -> 0.0
    Task 2 -> 0.0
    Task 3 -> 0.0
    Task 4 -> 0.0
    Task 5 -> 0.0
    Task 6 -> 0.0
    Task 7 -> 0.0
    AvG  -> 0.0
  Weather: 8.0
    Task 0 -> 0.0
    Task 1 -> 0.0
    Task 2 -> 0.0
    Task 3 -> 0.0
    Task 4 -> 0.0
    Task 5 -> 0.0
    Task 6 -> 0.0
    Task 7 -> 0.0
    AvG  -> 0.0
Metric : intersection_otherlane
  Weather: 1.0
    Task 0 -> 0.0
    Task 1 -> 0.0
    Task 2 -> 0.0
    Task 3 -> 0.0
    Task 4 -> 0.0
    Task 5 -> 0.0
    Task 6 -> 0.0
    Task 7 -> 0.0
    AvG  -> 0.0
  Weather: 3.0
    Task 0 -> 0.0
    Task 1 -> 0.0
    Task 2 -> 0.0
    Task 3 -> 1.5673659366490036
    Task 4 -> 0.0
    Task 5 -> 0.0
    Task 6 -> 0.0
    Task 7 -> 0.0
    AvG  -> 0.19592074208112545
  Weather: 6.0
    Task 0 -> 0.0
    Task 1 -> 0.0
    Task 2 -> 0.0
    Task 3 -> 0.0
    Task 4 -> 0.0
    Task 5 -> 0.0
    Task 6 -> 0.0
    Task 7 -> 0.0
    AvG  -> 0.0
  Weather: 8.0
    Task 0 -> 0.0
    Task 1 -> 0.0
    Task 2 -> 0.0
    Task 3 -> 0.0
    Task 4 -> 0.0
    Task 5 -> 0.0
    Task 6 -> 0.0
    Task 7 -> 0.0
    AvG  -> 0.0
Metric : collision_pedestrians
  Weather: 1.0
    Task 0 -> 0.0
    Task 1 -> 0.0
    Task 2 -> 0.0
    Task 3 -> 0.0
    Task 4 -> 0.0
    Task 5 -> 0.0
    Task 6 -> 0.0
    Task 7 -> 0.0
    AvG  -> 0.0
  Weather: 3.0
    Task 0 -> 0.0
    Task 1 -> 0.0
    Task 2 -> 0.0
    Task 3 -> 0.0
    Task 4 -> 0.0
    Task 5 -> 0.0
    Task 6 -> 0.0
    Task 7 -> 0.0
    AvG  -> 0.0
  Weather: 6.0
    Task 0 -> 0.0
    Task 1 -> 0.0
    Task 2 -> 0.0
    Task 3 -> 0.0
    Task 4 -> 0.0
    Task 5 -> 0.0
    Task 6 -> 0.0
    Task 7 -> 0.0
    AvG  -> 0.0
  Weather: 8.0
    Task 0 -> 0.0
    Task 1 -> 0.0
    Task 2 -> 0.0
    Task 3 -> 0.0
    Task 4 -> 0.0
    Task 5 -> 0.0
    Task 6 -> 0.0
    Task 7 -> 0.0
    AvG  -> 0.0
Metric : collision_vehicles
  Weather: 1.0
    Task 0 -> 0.0
    Task 1 -> 0.0
    Task 2 -> 0.0
    Task 3 -> 0.0
    Task 4 -> 0.0
    Task 5 -> 0.0
    Task 6 -> 0.0
    Task 7 -> 0.0
    AvG  -> 0.0
  Weather: 3.0
    Task 0 -> 0.0
    Task 1 -> 0.0
    Task 2 -> 0.0
    Task 3 -> 0.0
    Task 4 -> 0.0
    Task 5 -> 0.0
    Task 6 -> 0.0
    Task 7 -> 0.0
    AvG  -> 0.0
  Weather: 6.0
    Task 0 -> 0.0
    Task 1 -> 0.0
    Task 2 -> 0.0
    Task 3 -> 0.0
    Task 4 -> 0.0
    Task 5 -> 0.0
    Task 6 -> 0.0
    Task 7 -> 0.0
    AvG  -> 0.0
  Weather: 8.0
    Task 0 -> 0.0
    Task 1 -> 0.0
    Task 2 -> 0.0
    Task 3 -> 0.0
    Task 4 -> 0.0
    Task 5 -> 0.0
    Task 6 -> 0.0
    Task 7 -> 0.0
    AvG  -> 0.0
Metric : collision_other
  Weather: 1.0
    Task 0 -> 0.0
    Task 1 -> 0.0
    Task 2 -> 0.0
    Task 3 -> 0.0
    Task 4 -> 0.0
    Task 5 -> 0.0
    Task 6 -> 0.0
    Task 7 -> 0.0
    AvG  -> 0.0
  Weather: 3.0
    Task 0 -> 0.0
    Task 1 -> 0.0
    Task 2 -> 0.0
    Task 3 -> 2.089821248865338
    Task 4 -> 0.0
    Task 5 -> 0.0
    Task 6 -> 0.0
    Task 7 -> 0.0
    AvG  -> 0.2612276561081672
  Weather: 6.0
    Task 0 -> 0.0
    Task 1 -> 0.0
    Task 2 -> 0.0
    Task 3 -> 0.0
    Task 4 -> 0.0
    Task 5 -> 0.0
    Task 6 -> 0.0
    Task 7 -> 0.0
    AvG  -> 0.0
  Weather: 8.0
    Task 0 -> 0.0
    Task 1 -> 0.0
    Task 2 -> 0.0
    Task 3 -> 0.0
    Task 4 -> 0.0
    Task 5 -> 0.0
    Task 6 -> 0.0
    Task 7 -> 0.0
    AvG  -> 0.0
Metric : average_fully_completed
  Weather: 1.0
    Task 0 -> 0.7
    Task 1 -> 0.6
    Task 2 -> 0.0
    Task 3 -> 0.0
    Task 4 -> 0.0
    Task 5 -> 0.0
    Task 6 -> 0.0
    Task 7 -> 0.0
    AvG  -> 0.16249999999999998
  Weather: 3.0
    Task 0 -> 0.0
    Task 1 -> 0.0
    Task 2 -> 0.7
    Task 3 -> 0.3
    Task 4 -> 0.0
    Task 5 -> 0.0
    Task 6 -> 0.0
    Task 7 -> 0.0
    AvG  -> 0.125
  Weather: 6.0
    Task 0 -> 0.0
    Task 1 -> 0.0
    Task 2 -> 0.0
    Task 3 -> 0.0
    Task 4 -> 0.7
    Task 5 -> 0.3
    Task 6 -> 0.0
    Task 7 -> 0.0
    AvG  -> 0.125
  Weather: 8.0
    Task 0 -> 0.0
    Task 1 -> 0.0
    Task 2 -> 0.0
    Task 3 -> 0.0
    Task 4 -> 0.0
    Task 5 -> 0.0
    Task 6 -> 0.6
    Task 7 -> 0.9
    AvG  -> 0.1875
Metric : average_speed
  Weather: 1.0
    Task 0 -> 14.9124155174
    Task 1 -> 11.7187593977
    Task 2 -> 0.0
    Task 3 -> 0.0
    Task 4 -> 0.0
    Task 5 -> 0.0
    Task 6 -> 0.0
    Task 7 -> 0.0
    AvG  -> 3.3288968643883363
  Weather: 3.0
    Task 0 -> 0.0
    Task 1 -> 0.0
    Task 2 -> 12.9993591854
    Task 3 -> 5.04403962845
    Task 4 -> 0.0
    Task 5 -> 0.0
    Task 6 -> 0.0
    Task 7 -> 0.0
    AvG  -> 2.2554248517298348
  Weather: 6.0
    Task 0 -> 0.0
    Task 1 -> 0.0
    Task 2 -> 0.0
    Task 3 -> 0.0
    Task 4 -> 10.9858383897
    Task 5 -> 6.43410779684
    Task 6 -> 0.0
    Task 7 -> 0.0
    AvG  -> 2.177493273321511
  Weather: 8.0
    Task 0 -> 0.0
    Task 1 -> 0.0
    Task 2 -> 0.0
    Task 3 -> 0.0
    Task 4 -> 0.0
    Task 5 -> 0.0
    Task 6 -> 6.0352943786
    Task 7 -> 16.8126165201
    AvG  -> 2.855988862338387
Metric : driven_kilometers
  Weather: 1.0
    Task 0 -> 1.3221223327624207
    Task 1 -> 3.4647430128717014
    Task 2 -> 0.0
    Task 3 -> 0.0
    Task 4 -> 0.0
    Task 5 -> 0.0
    Task 6 -> 0.0
    Task 7 -> 0.0
    AvG  -> 0.5983581682042652
  Weather: 3.0
    Task 0 -> 0.0
    Task 1 -> 0.0
    Task 2 -> 1.0593769993201
    Task 3 -> 1.91403929985485
    Task 4 -> 0.0
    Task 5 -> 0.0
    Task 6 -> 0.0
    Task 7 -> 0.0
    AvG  -> 0.37167703739686875
  Weather: 6.0
    Task 0 -> 0.0
    Task 1 -> 0.0
    Task 2 -> 0.0
    Task 3 -> 0.0
    Task 4 -> 0.8547458320210295
    Task 5 -> 2.3823049061718287
    Task 6 -> 0.0
    Task 7 -> 0.0
    AvG  -> 0.40463134227410724
  Weather: 8.0
    Task 0 -> 0.0
    Task 1 -> 0.0
    Task 2 -> 0.0
    Task 3 -> 0.0
    Task 4 -> 0.0
    Task 5 -> 0.0
    Task 6 -> 0.5732493600806237
    Task 7 -> 4.055540291013326
    AvG  -> 0.5785987063867437
